// Jest Snapshot v1, https://goo.gl/fbAQLP

exports[`Matches shallow shapshot 1`] = `
<div
  className="src-shared-components-Leaderboard-PodiumSpot-themes-___styles__PodiumSpot___2ym_s src-shared-components-Leaderboard-PodiumSpot-themes-___styles__PodiumSpot--first___n-zX6"
>
  <span
    className="src-shared-components-Leaderboard-PodiumSpot-themes-___styles__leaderboard-avatar___JjdZ_"
  >
    <ThemedAvatar
      composeAdhocTheme="deeply"
      composeContextTheme="softly"
      mapThemrProps={[Function]}
      theme={
        Object {
          "avatar": "src-shared-components-Leaderboard-avatarStyles___gold___1KUGNq",
        }
      }
      themePriority="adhoc-context-default"
    />
    <div
      className="src-shared-components-Leaderboard-PodiumSpot-themes-___styles__ranking___3eGBy"
    >
      1
    </div>
  </span>
  <div>
    <a
      className="src-shared-components-Leaderboard-PodiumSpot-themes-___styles__profile-link___3s9pr"
      href="https://www.topcoder-dev.com/members/undefined/"
    />
  </div>
  <div
    className="src-shared-components-Leaderboard-PodiumSpot-themes-___styles__winnings-info___1hih8"
    style={null}
  >
    <div
      className="src-shared-components-Leaderboard-PodiumSpot-themes-___styles__stats___1iYej"
    >
      <span
        className="src-shared-components-Leaderboard-PodiumSpot-themes-___styles__value___2shA5"
      />
      <span
        className="src-shared-components-Leaderboard-PodiumSpot-themes-___styles__value-title___1Jf_7"
      >
        challenges
      </span>
    </div>
    <div
      className="src-shared-components-Leaderboard-PodiumSpot-themes-___styles__stats___1iYej"
    >
      <span
        className="src-shared-components-Leaderboard-PodiumSpot-themes-___styles__value___2shA5"
      >
        0.00
      </span>
      <span
        className="src-shared-components-Leaderboard-PodiumSpot-themes-___styles__value-title___1Jf_7"
      >
        points
      </span>
    </div>
  </div>
</div>
`;

exports[`Matches shallow shapshot 2`] = `
<div
  className="src-shared-components-Leaderboard-PodiumSpot-themes-___styles__PodiumSpot___2ym_s src-shared-components-Leaderboard-PodiumSpot-themes-___styles__PodiumSpot--first___n-zX6"
>
  <span
    className="src-shared-components-Leaderboard-PodiumSpot-themes-___styles__leaderboard-avatar___JjdZ_"
  >
    <ThemedAvatar
      composeAdhocTheme="deeply"
      composeContextTheme="softly"
      mapThemrProps={[Function]}
      theme={
        Object {
          "avatar": "src-shared-components-Leaderboard-avatarStyles___gold___1KUGNq",
        }
      }
      themePriority="adhoc-context-default"
    />
    <div
      className="src-shared-components-Leaderboard-PodiumSpot-themes-___styles__ranking___3eGBy"
    >
      1
    </div>
  </span>
  <div>
    <a
      className="src-shared-components-Leaderboard-PodiumSpot-themes-___styles__profile-link___3s9pr"
      href="https://www.topcoder-dev.com/members/undefined/"
    />
  </div>
  <div
    className="src-shared-components-Leaderboard-PodiumSpot-themes-___styles__winnings-info___1hih8"
    style={null}
  >
    <div
      className="src-shared-components-Leaderboard-PodiumSpot-themes-___styles__stats___1iYej"
    >
      <span
        className="src-shared-components-Leaderboard-PodiumSpot-themes-___styles__value___2shA5"
      />
      <span
        className="src-shared-components-Leaderboard-PodiumSpot-themes-___styles__value-title___1Jf_7"
      >
        challenges
      </span>
    </div>
    <div
      className="src-shared-components-Leaderboard-PodiumSpot-themes-___styles__stats___1iYej"
    >
      <span
        className="src-shared-components-Leaderboard-PodiumSpot-themes-___styles__value___2shA5"
      >
        0.00
      </span>
      <span
        className="src-shared-components-Leaderboard-PodiumSpot-themes-___styles__value-title___1Jf_7"
      >
        points
      </span>
    </div>
  </div>
</div>
`;
